------------------------------------------------------------
Timing Analyzer Summary
------------------------------------------------------------

Type  : Slow 1100mV 85C Model Setup 'sys_clk'
Slack : 9.355
TNS   : 0.000

Type  : Slow 1100mV 85C Model Hold 'sys_clk'
Slack : 0.211
TNS   : 0.000

Type  : Slow 1100mV 85C Model Minimum Pulse Width 'sys_clk'
Slack : 8.621
TNS   : 0.000

Type  : Slow 1100mV 0C Model Setup 'sys_clk'
Slack : 9.704
TNS   : 0.000

Type  : Slow 1100mV 0C Model Hold 'sys_clk'
Slack : 0.159
TNS   : 0.000

Type  : Slow 1100mV 0C Model Minimum Pulse Width 'sys_clk'
Slack : 8.541
TNS   : 0.000

Type  : Fast 1100mV 85C Model Setup 'sys_clk'
Slack : 13.555
TNS   : 0.000

Type  : Fast 1100mV 85C Model Hold 'sys_clk'
Slack : 0.121
TNS   : 0.000

Type  : Fast 1100mV 85C Model Minimum Pulse Width 'sys_clk'
Slack : 9.110
TNS   : 0.000

Type  : Fast 1100mV 0C Model Setup 'sys_clk'
Slack : 14.426
TNS   : 0.000

Type  : Fast 1100mV 0C Model Hold 'sys_clk'
Slack : 0.058
TNS   : 0.000

Type  : Fast 1100mV 0C Model Minimum Pulse Width 'sys_clk'
Slack : 9.103
TNS   : 0.000

------------------------------------------------------------
