------------------------------------------------------------
Timing Analyzer Summary
------------------------------------------------------------

Type  : Slow 1100mV 100C Model Setup 'altera_reserved_tck'
Slack : 6.848
TNS   : 0.000

Type  : Slow 1100mV 100C Model Setup 'FPGA_CLK1_50'
Slack : 7.819
TNS   : 0.000

Type  : Slow 1100mV 100C Model Hold 'altera_reserved_tck'
Slack : 0.148
TNS   : 0.000

Type  : Slow 1100mV 100C Model Hold 'FPGA_CLK1_50'
Slack : 0.275
TNS   : 0.000

Type  : Slow 1100mV 100C Model Recovery 'altera_reserved_tck'
Slack : 27.861
TNS   : 0.000

Type  : Slow 1100mV 100C Model Removal 'altera_reserved_tck'
Slack : 1.097
TNS   : 0.000

Type  : Slow 1100mV 100C Model Minimum Pulse Width 'FPGA_CLK1_50'
Slack : 8.838
TNS   : 0.000

Type  : Slow 1100mV 100C Model Minimum Pulse Width 'altera_reserved_tck'
Slack : 15.139
TNS   : 0.000

Type  : Slow 1100mV -40C Model Setup 'altera_reserved_tck'
Slack : 7.207
TNS   : 0.000

Type  : Slow 1100mV -40C Model Setup 'FPGA_CLK1_50'
Slack : 7.742
TNS   : 0.000

Type  : Slow 1100mV -40C Model Hold 'altera_reserved_tck'
Slack : 0.137
TNS   : 0.000

Type  : Slow 1100mV -40C Model Hold 'FPGA_CLK1_50'
Slack : 0.261
TNS   : 0.000

Type  : Slow 1100mV -40C Model Recovery 'altera_reserved_tck'
Slack : 28.160
TNS   : 0.000

Type  : Slow 1100mV -40C Model Removal 'altera_reserved_tck'
Slack : 1.024
TNS   : 0.000

Type  : Slow 1100mV -40C Model Minimum Pulse Width 'FPGA_CLK1_50'
Slack : 8.790
TNS   : 0.000

Type  : Slow 1100mV -40C Model Minimum Pulse Width 'altera_reserved_tck'
Slack : 15.177
TNS   : 0.000

Type  : Fast 1100mV 100C Model Setup 'altera_reserved_tck'
Slack : 11.157
TNS   : 0.000

Type  : Fast 1100mV 100C Model Setup 'FPGA_CLK1_50'
Slack : 13.291
TNS   : 0.000

Type  : Fast 1100mV 100C Model Hold 'altera_reserved_tck'
Slack : 0.026
TNS   : 0.000

Type  : Fast 1100mV 100C Model Hold 'FPGA_CLK1_50'
Slack : 0.142
TNS   : 0.000

Type  : Fast 1100mV 100C Model Recovery 'altera_reserved_tck'
Slack : 29.764
TNS   : 0.000

Type  : Fast 1100mV 100C Model Removal 'altera_reserved_tck'
Slack : 0.440
TNS   : 0.000

Type  : Fast 1100mV 100C Model Minimum Pulse Width 'FPGA_CLK1_50'
Slack : 8.511
TNS   : 0.000

Type  : Fast 1100mV 100C Model Minimum Pulse Width 'altera_reserved_tck'
Slack : 14.970
TNS   : 0.000

Type  : Fast 1100mV -40C Model Setup 'altera_reserved_tck'
Slack : 12.119
TNS   : 0.000

Type  : Fast 1100mV -40C Model Setup 'FPGA_CLK1_50'
Slack : 14.317
TNS   : 0.000

Type  : Fast 1100mV -40C Model Hold 'altera_reserved_tck'
Slack : 0.007
TNS   : 0.000

Type  : Fast 1100mV -40C Model Hold 'FPGA_CLK1_50'
Slack : 0.122
TNS   : 0.000

Type  : Fast 1100mV -40C Model Recovery 'altera_reserved_tck'
Slack : 30.400
TNS   : 0.000

Type  : Fast 1100mV -40C Model Removal 'altera_reserved_tck'
Slack : 0.364
TNS   : 0.000

Type  : Fast 1100mV -40C Model Minimum Pulse Width 'FPGA_CLK1_50'
Slack : 8.440
TNS   : 0.000

Type  : Fast 1100mV -40C Model Minimum Pulse Width 'altera_reserved_tck'
Slack : 15.034
TNS   : 0.000

------------------------------------------------------------
